Loading weights:   0%|          | 0/290 [00:00<?, ?it/s]Loading weights:   0%|          | 1/290 [00:01<05:38,  1.17s/it]Loading weights:  96%|█████████▌| 279/290 [00:01<00:00, 301.44it/s]Loading weights: 100%|██████████| 290/290 [00:01<00:00, 226.75it/s]
loaded, H=896, layers=24, threads=2
captured 40 prompts in 9.3s
cut7 top1 agreement: {16: 0.125, 32: 0.125, 64: 0.625, 112: 0.75, 128: 0.875, 224: 1.0, 256: 1.0, 448: 1.0}
cut15 top1 agreement: {16: 0.0, 32: 0.125, 64: 0.5, 112: 0.75, 128: 0.875, 224: 0.875, 256: 0.875, 448: 0.875}
{
 "H896_k112": 15.85,
 "H896_k224": 32.66,
 "H4096_k512": 908.0,
 "H4096_k1024": 1415.18,
 "H8192_k1024": 3179.21,
 "H8192_k2048": 5708.36
}
{
 "7": {
  "n_cal_tok": 1162,
  "n_hold_tok": 293,
  "holdout_relerr": {
   "16": 0.0224,
   "32": 0.01606,
   "64": 0.01311,
   "112": 0.01135,
   "128": 0.01095,
   "224": 0.00949,
   "256": 0.00919,
   "448": 0.00731
  },
  "holdout_relerr_median_per_token": {
   "16": 0.35383,
   "32": 0.11133,
   "64": 0.02084,
   "112": 0.00691,
   "128": 0.00511,
   "224": 0.0005,
   "256": 0.00018,
   "448": 0.0
  },
  "chan_share_top1": 0.9707,
  "chan_share_top4": 0.9832,
  "top4_channel_idx": [
   62,
   490,
   570,
   53
  ],
  "tok_norm_median": 13.5,
  "tok_norm_max": 1725.4,
  "temporal_rel_delta_median": 1.0897,
  "static_mean_resid_median": 3.594,
  "cross_prompt_cos_median": 0.9805,
  "topk_mag_energy": {
   "16": 0.42863,
   "32": 0.53298,
   "64": 0.65089,
   "112": 0.75142,
   "128": 0.77548,
   "224": 0.8736,
   "256": 0.89534,
   "448": 0.9696
  },
  "rank90": 1,
  "rank99": 1,
  "rank999": 7,
  "temporal_rel_delta_norm": 3.767,
  "temporal_cos": 0.4093,
  "static_mean_rel_resid": 0.9855,
  "cross_prompt_cos_mean": 0.9777,
  "mean_norm_ratio": 0.8051,
  "top1_agreement_holdout": {
   "16": 0.125,
   "32": 0.125,
   "64": 0.625,
   "112": 0.75,
   "128": 0.875,
   "224": 1.0,
   "256": 1.0,
   "448": 1.0
  }
 },
 "15": {
  "n_cal_tok": 1162,
  "n_hold_tok": 293,
  "holdout_relerr": {
   "16": 0.02829,
   "32": 0.01952,
   "64": 0.01526,
   "112": 0.01305,
   "128": 0.01253,
   "224": 0.01058,
   "256": 0.01016,
   "448": 0.00802
  },
  "holdout_relerr_median_per_token": {
   "16": 0.36507,
   "32": 0.09111,
   "64": 0.01676,
   "112": 0.00614,
   "128": 0.00479,
   "224": 0.00073,
   "256": 0.00034,
   "448": 0.0
  },
  "chan_share_top1": 0.9693,
  "chan_share_top4": 0.9817,
  "top4_channel_idx": [
   62,
   490,
   570,
   53
  ],
  "tok_norm_median": 18.6,
  "tok_norm_max": 1732.6,
  "temporal_rel_delta_median": 0.9512,
  "static_mean_resid_median": 2.6514,
  "cross_prompt_cos_median": 0.9143,
  "topk_mag_energy": {
   "16": 0.48906,
   "32": 0.57544,
   "64": 0.67612,
   "112": 0.7659,
   "128": 0.78793,
   "224": 0.87918,
   "256": 0.89973,
   "448": 0.97048
  },
  "rank90": 1,
  "rank99": 1,
  "rank999": 13,
  "temporal_rel_delta_norm": 3.3709,
  "temporal_cos": 0.5345,
  "static_mean_rel_resid": 0.9854,
  "cross_prompt_cos_mean": 0.8976,
  "mean_norm_ratio": 0.7424,
  "top1_agreement_holdout": {
   "16": 0.0,
   "32": 0.125,
   "64": 0.5,
   "112": 0.75,
   "128": 0.875,
   "224": 0.875,
   "256": 0.875,
   "448": 0.875
  }
 }
}
